// Jest Snapshot v1, https://goo.gl/fbAQLP

exports[`<Footer /> renders the <Footer /> with populated data 1`] = `
<div
  class="footer__Container-sc-qu6i6-0 tSuwE"
>
   
  <p
    class="footer__Title-sc-qu6i6-4 gtnVbx"
  >
     
     Questions? Call 1-844-505-2993 
     
  </p>
  <div
    class="footer__Break-sc-qu6i6-6 kovJPW"
  >
     
     
  </div>
  <div
    class="footer__Row-sc-qu6i6-2 kmZTct"
  >
     
    <div
      class="footer__Column-sc-qu6i6-1 dAEAoA"
    >
       
      <a
        class="footer__Link-sc-qu6i6-3 fPDekm"
        href="#"
      >
         
        FAQ
         
      </a>
      <a
        class="footer__Link-sc-qu6i6-3 fPDekm"
        href="#"
      >
         
        Investor Relations
         
      </a>
      <a
        class="footer__Link-sc-qu6i6-3 fPDekm"
        href="#"
      >
         
        Ways to Watch
         
      </a>
      <a
        class="footer__Link-sc-qu6i6-3 fPDekm"
        href="#"
      >
         
        Corporate Information
         
      </a>
      <a
        class="footer__Link-sc-qu6i6-3 fPDekm"
        href="#"
      >
         
        Only on Netflix
         
      </a>
       
    </div>
    <div
      class="footer__Column-sc-qu6i6-1 dAEAoA"
    >
       
      <a
        class="footer__Link-sc-qu6i6-3 fPDekm"
        href="#"
      >
         
        Help Center
         
      </a>
      <a
        class="footer__Link-sc-qu6i6-3 fPDekm"
        href="#"
      >
         
        Jobs
         
      </a>
      <a
        class="footer__Link-sc-qu6i6-3 fPDekm"
        href="#"
      >
         
        Terms of Use
         
      </a>
      <a
        class="footer__Link-sc-qu6i6-3 fPDekm"
        href="#"
      >
         
        Contact Us
         
      </a>
       
    </div>
    <div
      class="footer__Column-sc-qu6i6-1 dAEAoA"
    >
       
      <a
        class="footer__Link-sc-qu6i6-3 fPDekm"
        href="#"
      >
         
        Account
         
      </a>
      <a
        class="footer__Link-sc-qu6i6-3 fPDekm"
        href="#"
      >
         
        Redeem Gift Cards
         
      </a>
      <a
        class="footer__Link-sc-qu6i6-3 fPDekm"
        href="#"
      >
         
        Privacy
         
      </a>
      <a
        class="footer__Link-sc-qu6i6-3 fPDekm"
        href="#"
      >
         
        Speed Test
         
      </a>
       
    </div>
    <div
      class="footer__Column-sc-qu6i6-1 dAEAoA"
    >
       
      <a
        class="footer__Link-sc-qu6i6-3 fPDekm"
        href="#"
      >
         
        Media Center
         
      </a>
      <a
        class="footer__Link-sc-qu6i6-3 fPDekm"
        href="#"
      >
         
        Buy Gift Cards
         
      </a>
      <a
        class="footer__Link-sc-qu6i6-3 fPDekm"
        href="#"
      >
         
        Cookie Preferences
         
      </a>
      <a
        class="footer__Link-sc-qu6i6-3 fPDekm"
        href="#"
      >
         
        Legal Notices
         
      </a>
       
    </div>
     
  </div>
   
</div>
`;
